Microsoft Windows [versão 10.0.16299.547]
(c) 2017 Microsoft Corporation. Todos os direitos reservados.

C:\Users\renan.silva>cd C:\xampp\htdocs

C:\xampp\htdocs>git commit dia 28
error: pathspec 'dia' did not match any file(s) known to git.
error: pathspec '28' did not match any file(s) known to git.

C:\xampp\htdocs>

C:\xampp\htdocs>git commit "dia 28"
error: pathspec 'dia 28' did not match any file(s) known to git.

C:\xampp\htdocs>git add all
fatal: pathspec 'all' did not match any files

C:\xampp\htdocs>git add -a
error: unknown switch `a'
usage: git add [<options>] [--] <pathspec>...

    -n, --dry-run         dry run
    -v, --verbose         be verbose

    -i, --interactive     interactive picking
    -p, --patch           select hunks interactively
    -e, --edit            edit current diff and apply
    -f, --force           allow adding otherwise ignored files
    -u, --update          update tracked files
    --renormalize         renormalize EOL of tracked files (implies -u)
    -N, --intent-to-add   record only the fact that the path will be added later
    -A, --all             add changes from all tracked and untracked files
    --ignore-removal      ignore paths removed in the working tree (same as --no-all)
    --refresh             don't add, only refresh the index
    --ignore-errors       just skip files which cannot be added because of errors
    --ignore-missing      check if - even missing - files are ignored in dry run
    --chmod <(+/-)x>      override the executable bit of the listed files


C:\xampp\htdocs>git add -A

C:\xampp\htdocs>git
usage: git [--version] [--help] [-C <path>] [-c <name>=<value>]
           [--exec-path[=<path>]] [--html-path] [--man-path] [--info-path]
           [-p | --paginate | -P | --no-pager] [--no-replace-objects] [--bare]
           [--git-dir=<path>] [--work-tree=<path>] [--namespace=<name>]
           <command> [<args>]

These are common Git commands used in various situations:

start a working area (see also: git help tutorial)
   clone      Clone a repository into a new directory
   init       Create an empty Git repository or reinitialize an existing one

work on the current change (see also: git help everyday)
   add        Add file contents to the index
   mv         Move or rename a file, a directory, or a symlink
   reset      Reset current HEAD to the specified state
   rm         Remove files from the working tree and from the index

examine the history and state (see also: git help revisions)
   bisect     Use binary search to find the commit that introduced a bug
   grep       Print lines matching a pattern
   log        Show commit logs
   show       Show various types of objects
   status     Show the working tree status

grow, mark and tweak your common history
   branch     List, create, or delete branches
   checkout   Switch branches or restore working tree files
   commit     Record changes to the repository
   diff       Show changes between commits, commit and working tree, etc
   merge      Join two or more development histories together
   rebase     Reapply commits on top of another base tip
   tag        Create, list, delete or verify a tag object signed with GPG

collaborate (see also: git help workflows)
   fetch      Download objects and refs from another repository
   pull       Fetch from and integrate with another repository or a local branch
   push       Update remote refs along with associated objects

'git help -a' and 'git help -g' list available subcommands and some
concept guides. See 'git help <command>' or 'git help <concept>'
to read about a specific subcommand or concept.

C:\xampp\htdocs>git commit "dia 28"
error: pathspec 'dia 28' did not match any file(s) known to git.

C:\xampp\htdocs>git commit -m "dia 28"
[master 4e318e7] dia 28
 12 files changed, 201 insertions(+)
 create mode 100644 Exemplo3-16.php
 create mode 100644 Exemplo3-17-1.php
 create mode 100644 Exemplo3-17-2.php
 create mode 100644 Exemplo3-17-3.php
 create mode 100644 Exemplo3-17-4.php
 create mode 100644 Exemplo3-17-5.php
 create mode 100644 Exemplo3-17-6.php
 create mode 100644 Exemplo3-17-7.php
 create mode 100644 Exemplo3-17-8.php
 create mode 100644 Exemplo3.php
 create mode 100644 Exemplo4.php
 create mode 100644 Novo Documento de Texto.txt

C:\xampp\htdocs>git push origin master
Enumerating objects: 14, done.
Counting objects: 100% (14/14), done.
Delta compression using up to 4 threads.
Compressing objects: 100% (13/13), done.
Writing objects: 100% (13/13), 1.92 KiB | 982.00 KiB/s, done.
Total 13 (delta 0), reused 0 (delta 0)
To https://github.com/renanrib/Renan.git
   2b91cc8..4e318e7  master -> master

C:\xampp\htdocs>

C:\xampp\htdocs>